✔ [3435/3448] Built LeanCert.Core.Interval (2.6s)
✔ [3436/3474] Built LeanCert.Tactic.Verification (3.0s)
✔ [3450/3475] Built NLA.MF22.Definitions (3.4s)
✔ [3453/3478] Built LeanCert.Core.Expr (4.7s)
✔ [3455/3478] Built LeanCert.Core.DerivativeIntervals (3.4s)
ℹ [3456/3478] Built NLA.MF22.Norms (4.6s)
info: NLA/MF22/Norms.lean:113:0: 'NLA.MF22.complex_entry_norm_bound' depends on axioms: [propext, Classical.choice, Quot.sound]
✔ [3457/3482] Built LeanCert.Core.IntervalRat.Basic (6.5s)
✔ [3459/3482] Built LeanCert.Core.IntervalRat.LogReduction (4.9s)
✔ [3460/3482] Built LeanCert.Core.Support (3.8s)
✔ [3461/3482] Built LeanCert.Meta.Numeral (3.2s)
✔ [3463/3482] Built LeanCert.Core.TrigReduction (2.8s)
⚠ [3464/3483] Built NLA.MF22.ScalarTail (3.5s)
warning: NLA/MF22/ScalarTail.lean:59:21: Used `tac1 <;> tac2` where `(tac1; tac2)` would suffice

Note: This linter can be disabled with `set_option linter.unnecessarySeqFocus false`
info: NLA/MF22/ScalarTail.lean:83:0: 'NLA.MF22.scalar_dominant_tail' depends on axioms: [propext, Classical.choice, Quot.sound]
✔ [3465/3483] Built LeanCert.Tactic.IntervalAuto.Types (3.3s)
✔ [3466/3483] Built LeanCert.Core.IntervalRat.Transcendental (4.1s)
✔ [3467/3485] Built LeanCert.Engine.Eval.Result (2.7s)
✔ [3468/3491] Built LeanCert.Tactic.IntervalAuto.Extract (2.7s)
✔ [3470/3491] Built LeanCert.Meta.ToExpr (5.0s)
✔ [3471/3497] Built LeanCert.Tactic.IntervalAuto.Norm (4.4s)
✔ [3472/3501] Built LeanCert.Core.Taylor (5.8s)
✔ [3473/3501] Built LeanCert.Contrib.Sinc (4.7s)
✔ [3474/3502] Built LeanCert.Tactic.LeanCert.Bridge.Environment (2.2s)
✔ [3475/3502] Built LeanCert.Core.Dyadic (3.1s)
✔ [3476/3602] Built LeanCert.Tactic.NumericalRefinement (798ms)
✔ [3526/3603] Built LeanCert.Tactic.IntervalAuto.Parse (6.0s)
✔ [3527/3604] Built LeanCert.Tactic.LeanCert.Normalize (4.1s)
✔ [3528/3605] Built LeanCert.Tactic.VecUtil (3.4s)
✔ [3529/3608] Built LeanCert.Tactic.IntervalAuto.Diagnostic (4.0s)
✔ [3530/3610] Built LeanCert.Tactic.FinsetParse (3.6s)
✔ [3531/3612] Built LeanCert.Tactic.FinSumExpand (3.1s)
✔ [3532/3612] Built LeanCert.Tactic.BridgeNative (1.8s)
✔ [3533/3619] Built LeanCert.Tactic.LeanCert.Semantic.Domain (1.4s)
✔ [3534/3623] Built LeanCert.Tactic.VecSimp (1.4s)
✔ [3535/3624] Built LeanCert.Validity.Eventual (2.7s)
✔ [3536/3627] Built LeanCert.Tactic.LeanCert.Semantic.Goal (1.8s)
✔ [3537/3627] Built LeanCert.Core.IntervalRat.Taylor (14s)
✔ [3538/3627] Built LeanCert.Tactic.Extension.Protocol (2.6s)
✔ [3539/3627] Built LeanCert.Tactic.LeanCert.Diagnostic.Evidence (2.8s)
✔ [3540/3627] Built LeanCert.Tactic.LeanCert.Semantic.Parse.Comparison (1.4s)
✔ [3541/3627] Built LeanCert.Tactic.LeanCert.Config (1.5s)
✔ [3542/3627] Built LeanCert.Tactic.EventualBound (4.1s)
✔ [3543/3631] Built LeanCert.Core.IntervalReal (2.1s)
✔ [3544/3631] Built LeanCert.Core.IntervalRat.TrigReduced (2.4s)
✔ [3545/3631] Built LeanCert.Tactic.Extension.Registry (2.5s)
✔ [3546/3632] Built LeanCert.Tactic.LeanCert.Semantic.Parse.Bound (2.6s)
✔ [3548/3634] Built LeanCert.Core.IntervalRealEndpoints (5.2s)
✔ [3549/3634] Built LeanCert.Engine.Affine.Basic (6.5s)
✔ [3550/3640] Built LeanCert.Engine.Algebra.QPoly (5.4s)
✔ [3551/3640] Built LeanCert.Core.IntervalDyadic (6.0s)
✔ [3552/3642] Built LeanCert.Engine.Algebra.QPolyIntegral (3.8s)
✔ [3553/3646] Built LeanCert.Engine.Affine.Nonlinear (4.2s)
✔ [3554/3650] Built LeanCert.Engine.FloatEval (3.5s)
✔ [3555/3651] Built LeanCert.Engine.Eval.Core (6.4s)
✔ [3556/3651] Built LeanCert.Tactic.Extension.Command (2.4s)
⚠ [3557/3654] Built NLA.MF22.Coordinates (3.2s)
warning: NLA/MF22/Coordinates.lean:57:35: Variable name `hn` is not explicitly referenced.

Hint: The binding can be removed (if unused) or named `_` (if used implicitly). Alternatively, prefix the name with `_` to silence this warning:
  [apply] _hn

Note: This linter can be disabled with `set_option linter.unusedVariables false`
info: NLA/MF22/Coordinates.lean:72:0: 'NLA.MF22.source_boundaries' depends on axioms: [propext, Classical.choice, Quot.sound]
✔ [3558/3655] Built LeanCert.Core.DyadicCell (3.0s)
✔ [3560/3673] Built LeanCert.Tactic.Extension (2.5s)
✔ [3572/3673] Built LeanCert.Engine.Eval.Extended (3.7s)
✔ [3573/3673] Built LeanCert.Core.DyadicFrontier (2.8s)
✖ [3576/3677] Building NLA.MF22.GreenKernel (3.3s)
trace: .> LEAN_PATH=/home/runner/work/OpenProblemsInNLA/OpenProblemsInNLA/.lean-development/.lake/packages/Cli/.lake/build/lib/lean:/home/runner/work/OpenProblemsInNLA/OpenProblemsInNLA/.lean-development/.lake/packages/batteries/.lake/build/lib/lean:/home/runner/work/OpenProblemsInNLA/OpenProblemsInNLA/.lean-development/.lake/packages/Qq/.lake/build/lib/lean:/home/runner/work/OpenProblemsInNLA/OpenProblemsInNLA/.lean-development/.lake/packages/aesop/.lake/build/lib/lean:/home/runner/work/OpenProblemsInNLA/OpenProblemsInNLA/.lean-development/.lake/packages/proofwidgets/.lake/build/lib/lean:/home/runner/work/OpenProblemsInNLA/OpenProblemsInNLA/.lean-development/.lake/packages/importGraph/.lake/build/lib/lean:/home/runner/work/OpenProblemsInNLA/OpenProblemsInNLA/.lean-development/.lake/packages/LeanSearchClient/.lake/build/lib/lean:/home/runner/work/OpenProblemsInNLA/OpenProblemsInNLA/.lean-development/.lake/packages/plausible/.lake/build/lib/lean:/home/runner/work/OpenProblemsInNLA/OpenProblemsInNLA/.lean-development/.lake/packages/mathlib/.lake/build/lib/lean:/home/runner/work/OpenProblemsInNLA/OpenProblemsInNLA/.lean-development/.lake/packages/leancert/.lake/build/lib/lean:/home/runner/work/OpenProblemsInNLA/OpenProblemsInNLA/.lean-development/.lake/build/lib/lean /home/runner/.elan/toolchains/leanprover--lean4---v4.33.1/bin/lean /home/runner/work/OpenProblemsInNLA/OpenProblemsInNLA/.lean-development/NLA/MF22/GreenKernel.lean -o /home/runner/work/OpenProblemsInNLA/OpenProblemsInNLA/.lean-development/.lake/build/lib/lean/NLA/MF22/GreenKernel.olean -i /home/runner/work/OpenProblemsInNLA/OpenProblemsInNLA/.lean-development/.lake/build/lib/lean/NLA/MF22/GreenKernel.ilean -c /home/runner/work/OpenProblemsInNLA/OpenProblemsInNLA/.lean-development/.lake/build/ir/NLA/MF22/GreenKernel.c --setup /home/runner/work/OpenProblemsInNLA/OpenProblemsInNLA/.lean-development/.lake/build/ir/NLA/MF22/GreenKernel.setup.json --json
error: NLA/MF22/GreenKernel.lean:87:51: unsolved goals
ρ : ℝ
n ell : ℕ
r : Fin 4
hr : r ≠ 0
s : Fin 2
⊢ boundaryScalar ρ n = 0 ∨ (boundaryOuter * transferMatrix ρ ^ (n - 1 - ell) * forcingMatrix ρ) r s = 0
warning: NLA/MF22/GreenKernel.lean:89:4: This simp argument is unused:
  boundary_four_product

Hint: Omit it from the simp argument list.
  [apply] simp [greenKernel, Matrix.sub_apply, Matrix.smul_apply, smul_eq_mul, Matrix.one_apply, hr]

Note: This linter can be disabled with `set_option linter.unusedSimpArgs false`
warning: NLA/MF22/GreenKernel.lean:89:27: This simp argument is unused:
  Matrix.one_apply

Hint: Omit it from the simp argument list.
  [apply] simp [greenKernel, Matrix.sub_apply, Matrix.smul_apply, smul_eq_mul, boundary_four_product, hr]

Note: This linter can be disabled with `set_option linter.unusedSimpArgs false`
warning: NLA/MF22/GreenKernel.lean:89:45: This simp argument is unused:
  hr

Hint: Omit it from the simp argument list.
  [apply] simp [greenKernel, Matrix.sub_apply, Matrix.smul_apply, smul_eq_mul, boundary_four_product, Matrix.one_apply]

Note: This linter can be disabled with `set_option linter.unusedSimpArgs false`
error: NLA/MF22/GreenKernel.lean:92:81: unsolved goals
ρ : ℝ
n ell : ℕ
hell : ell < n
ha : boundaryScalar ρ n ≠ 0
s : Fin 2
⊢ (transferMatrix ρ ^ (n - 1 - ell) * forcingMatrix ρ) 0 s * (1 - 1) = 0
error: NLA/MF22/GreenKernel.lean:101:21: #assert_trust: 'NLA.MF22.greenKernel_terminal_zero' depends on sorry or unrecognized axioms
  foundational: propext, Classical.choice, Quot.sound
  sorryAx: sorryAx
error: Lean exited with code 1
⚠ [3577/3677] Built NLA.MF22.StateReconstruction (3.0s)
warning: NLA/MF22/StateReconstruction.lean:33:33: Variable name `hn` is not explicitly referenced.

Hint: The binding can be removed (if unused) or named `_` (if used implicitly). Alternatively, prefix the name with `_` to silence this warning:
  [apply] _hn

Note: This linter can be disabled with `set_option linter.unusedVariables false`
⚠ [3578/3677] Built NLA.MF22.SourceRows (5.2s)
warning: NLA/MF22/SourceRows.lean:54:10: This simp argument is unused:
  h

Hint: Omit it from the simp argument list.
  [apply] simp [he.mp h]

Note: This linter can be disabled with `set_option linter.unusedSimpArgs false`
✔ [3579/3677] Built LeanCert.Engine.Bounds.Lemmas (2.4s)
✔ [3580/3677] Built LeanCert.Engine.IntervalEval (1.5s)
✔ [3581/3677] Built NLA.MF22.EigenEvaluation (2.1s)
✔ [3582/3677] Built LeanCert.Validity.Bounds.Core (2.4s)
✔ [3583/3677] Built LeanCert.Validity.Bounds.Checked (2.7s)
✔ [3584/3677] Built LeanCert.Engine.Affine.Transcendental (3.2s)
✔ [3585/3677] Built LeanCert.Engine.RootFinding.Basic (3.8s)
✔ [3586/3677] Built LeanCert.Engine.Optimization.Box (2.6s)
✔ [3587/3677] Built LeanCert.Engine.AD.Basic (2.0s)
✔ [3588/3677] Built LeanCert.Engine.Integrate (5.6s)
✔ [3589/3677] Built LeanCert.Engine.IntervalEvalDyadic (6.6s)
✔ [3590/3677] Built LeanCert.Engine.Search.Heuristic (2.8s)
✔ [3591/3677] Built LeanCert.Engine.TaylorModel.Core (8.4s)
✔ [3592/3677] Built LeanCert.Engine.RootFinding.Bisection (4.2s)
✔ [3593/3677] Built LeanCert.Engine.IntervalEvalAffine (5.3s)
✔ [3594/3677] Built LeanCert.Engine.AD.Transcendental (3.0s)
✔ [3595/3677] Built LeanCert.Validity.DyadicBounds (2.9s)
✔ [3596/3677] Built LeanCert.Engine.FinSumDyadic (3.8s)
✔ [3597/3677] Built LeanCert.Engine.TaylorModel.Integral (3.3s)
✔ [3598/3677] Built LeanCert.Engine.TaylorModel.Special (2.5s)
✔ [3599/3677] Built LeanCert.Engine.TaylorModel.ExpLog (7.4s)
✔ [3600/3677] Built LeanCert.Engine.Affine.Environment (6.1s)
✔ [3601/3677] Built LeanCert.Engine.TaylorModel.Trig (8.7s)
✔ [3602/3677] Built LeanCert.Engine.AD.Eval (2.7s)
✔ [3603/3677] Built LeanCert.Engine.TaylorModel.Hyperbolic (10s)
✔ [3604/3677] Built LeanCert.Engine.WitnessSum (2.7s)
✔ [3605/3677] Built LeanCert.Engine.TaylorModel.Functions (1.7s)
✔ [3606/3677] Built LeanCert.Engine.AD.Correctness (2.3s)
✔ [3607/3677] Built LeanCert.Engine.AD.Computable (3.1s)
✔ [3608/3677] Built LeanCert.Engine.TaylorModel.Expr (4.0s)
✔ [3609/3677] Built LeanCert.Engine.AD.PartialCorrectness (4.4s)
✔ [3610/3677] Built LeanCert.Engine.AD.DomainChecked (2.4s)
✔ [3611/3677] Built LeanCert.Engine.TaylorModel (1.6s)
✔ [3612/3677] Built LeanCert.Engine.AD.Dyadic (2.2s)
✔ [3613/3677] Built LeanCert.Engine.AD (1.4s)
✔ [3614/3677] Built LeanCert.Validity.Bounds.Smart (3.2s)
✔ [3615/3677] Built LeanCert.Engine.IntervalEvalRefined (3.6s)
✔ [3616/3677] Built LeanCert.Meta.ProveSupported (3.7s)
✔ [3617/3677] Built LeanCert.Engine.Optimize (4.9s)
✔ [3618/3677] Built LeanCert.Validity.Bounds.Bridge (2.8s)
✔ [3619/3677] Built LeanCert.Meta.ProveContinuous (4.0s)
✔ [3620/3677] Built LeanCert.Tactic.IntervalAuto.ProveCommon (5.0s)
✔ [3621/3677] Built LeanCert.Engine.Optimization.Gradient (5.4s)
✔ [3622/3677] Built LeanCert.Engine.RootFinding.Newton (4.6s)
✔ [3623/3677] Built LeanCert.Validity.Bounds.Basic (2.8s)
✔ [3624/3677] Built LeanCert.Tactic.IntervalAuto.Basic (3.1s)
✔ [3625/3677] Built LeanCert.Tactic.LeanCert.Bridge.ReifiedFunction (3.3s)
✔ [3626/3677] Built LeanCert.Validity.Integration (6.1s)
✔ [3627/3677] Built LeanCert.Tactic.LeanCert.Semantic.Prepare (7.0s)
✔ [3628/3677] Built LeanCert.Engine.RootFinding.Krawczyk (9.5s)
✔ [3629/3677] Built LeanCert.Engine.RootFinding.MVTBounds (9.8s)
✔ [3630/3677] Built LeanCert.Tactic.LeanCert.Integral (6.7s)
✔ [3631/3677] Built LeanCert.Tactic.LeanCert.Solver.Protocol (5.2s)
✔ [3632/3677] Built LeanCert.Tactic.Extension.Execute (6.3s)
✔ [3633/3677] Built LeanCert.Engine.Optimization.Global (19s)
✔ [3634/3677] Built LeanCert.Validity.Krawczyk (2.3s)
✔ [3635/3677] Built LeanCert.Engine.RootFinding.KrawczykCandidate (2.7s)
✔ [3636/3677] Built LeanCert.Tactic.LeanCert.Diagnostic.Render (3.2s)
✔ [3637/3677] Built LeanCert.Engine.RootFinding.Contraction (4.1s)
✔ [3638/3677] Built LeanCert.Validity.Types (2.9s)
✔ [3639/3677] Built LeanCert.Tactic.Enclosure (3.2s)
✔ [3640/3677] Built LeanCert.Engine.Optimization.Guided (2.6s)
✔ [3641/3677] Built LeanCert.Engine.RootFinding.Main (1.9s)
✔ [3642/3677] Built LeanCert.Engine.Search.CounterExample (2.5s)
✔ [3643/3677] Built LeanCert.Engine.Optimization.BoundVerify (2.6s)
✔ [3644/3677] Built LeanCert.Validity.Bounds (3.4s)
✔ [3645/3677] Built LeanCert.Discovery.Find (2.9s)
✔ [3646/3677] Built LeanCert.Tactic.IntervalAuto.OptBound (3.5s)
✔ [3647/3677] Built LeanCert.Tactic.IntervalAuto.Multivariate (4.6s)
✔ [3648/3677] Built LeanCert.Tactic.IntervalAuto.RootBound (2.7s)
✔ [3649/3677] Built LeanCert.Tactic.IntervalAuto.Bound (10s)
✔ [3650/3677] Built LeanCert.Tactic.IntervalAuto.Subdiv (4.2s)
✔ [3651/3677] Built LeanCert.Tactic.IntervalAuto.Adaptive (5.4s)
✔ [3652/3677] Built LeanCert.Tactic.IntervalAuto.PointIneq (6.2s)
✔ [3653/3677] Built LeanCert.Tactic.IntervalAuto (1.8s)
✔ [3654/3677] Built LeanCert.Tactic.Refute (2.8s)
✔ [3655/3677] Built LeanCert.Tactic.FinSumWitness (3.4s)
✔ [3656/3677] Built LeanCert.Tactic.FinSumBound (3.0s)
✔ [3657/3677] Built LeanCert.Tactic.LeanCert.Semantic.Parse (2.3s)
✔ [3658/3677] Built LeanCert.Tactic.Discovery (9.1s)
✔ [3659/3677] Built LeanCert.Tactic.Krawczyk (2.4s)
✔ [3660/3677] Built LeanCert.Tactic.LeanCert.Router (5.2s)
✔ [3661/3677] Built LeanCert.Tactic.LeanCert (1.9s)
✔ [3662/3677] Built LeanCert.Tactic (1.9s)
✖ [3663/3677] Building NLA.MF22.ProjectorPolynomial (2.8s)
trace: .> LEAN_PATH=/home/runner/work/OpenProblemsInNLA/OpenProblemsInNLA/.lean-development/.lake/packages/Cli/.lake/build/lib/lean:/home/runner/work/OpenProblemsInNLA/OpenProblemsInNLA/.lean-development/.lake/packages/batteries/.lake/build/lib/lean:/home/runner/work/OpenProblemsInNLA/OpenProblemsInNLA/.lean-development/.lake/packages/Qq/.lake/build/lib/lean:/home/runner/work/OpenProblemsInNLA/OpenProblemsInNLA/.lean-development/.lake/packages/aesop/.lake/build/lib/lean:/home/runner/work/OpenProblemsInNLA/OpenProblemsInNLA/.lean-development/.lake/packages/proofwidgets/.lake/build/lib/lean:/home/runner/work/OpenProblemsInNLA/OpenProblemsInNLA/.lean-development/.lake/packages/importGraph/.lake/build/lib/lean:/home/runner/work/OpenProblemsInNLA/OpenProblemsInNLA/.lean-development/.lake/packages/LeanSearchClient/.lake/build/lib/lean:/home/runner/work/OpenProblemsInNLA/OpenProblemsInNLA/.lean-development/.lake/packages/plausible/.lake/build/lib/lean:/home/runner/work/OpenProblemsInNLA/OpenProblemsInNLA/.lean-development/.lake/packages/mathlib/.lake/build/lib/lean:/home/runner/work/OpenProblemsInNLA/OpenProblemsInNLA/.lean-development/.lake/packages/leancert/.lake/build/lib/lean:/home/runner/work/OpenProblemsInNLA/OpenProblemsInNLA/.lean-development/.lake/build/lib/lean /home/runner/.elan/toolchains/leanprover--lean4---v4.33.1/bin/lean /home/runner/work/OpenProblemsInNLA/OpenProblemsInNLA/.lean-development/NLA/MF22/ProjectorPolynomial.lean -o /home/runner/work/OpenProblemsInNLA/OpenProblemsInNLA/.lean-development/.lake/build/lib/lean/NLA/MF22/ProjectorPolynomial.olean -i /home/runner/work/OpenProblemsInNLA/OpenProblemsInNLA/.lean-development/.lake/build/lib/lean/NLA/MF22/ProjectorPolynomial.ilean -c /home/runner/work/OpenProblemsInNLA/OpenProblemsInNLA/.lean-development/.lake/build/ir/NLA/MF22/ProjectorPolynomial.c --setup /home/runner/work/OpenProblemsInNLA/OpenProblemsInNLA/.lean-development/.lake/build/ir/NLA/MF22/ProjectorPolynomial.setup.json --json
error: NLA/MF22/ProjectorPolynomial.lean:75:4: Type mismatch: After simplification, term
  Lagrange.eval_basis_self (Function.Injective.injOn hnodes) (Finset.mem_univ i)
 has type
  @Eq ℂ (eval (nodes i) (Lagrange.basis Finset.univ nodes i)) 1
but is expected to have type
  @Eq ℂ (eval (nodes i) (Lagrange.basis Finset.univ nodes i)) (if True then 1 else 0)
info: NLA/MF22/ProjectorPolynomial.lean:81:0: 'NLA.MF22.transfer_charpoly_eq_nodal' depends on axioms: [propext, Classical.choice, Quot.sound]
info: NLA/MF22/ProjectorPolynomial.lean:83:0: 'NLA.MF22.matrix_aeval_eq_of_eval_nodes' depends on axioms: [propext, Classical.choice, Quot.sound]
error: Lean exited with code 1
⚠ [3666/3677] Built NLA.MF22.RootCubic (3.1s)
warning: NLA/MF22/RootCubic.lean:104:41: Used `tac1 <;> tac2` where `(tac1; tac2)` would suffice

Note: This linter can be disabled with `set_option linter.unnecessarySeqFocus false`
info: NLA/MF22/RootCubic.lean:112:0: 'NLA.MF22.negative_cubic_configuration' depends on axioms: [propext, Classical.choice, Quot.sound]
⚠ [3667/3677] Built NLA.MF22.ScalarCertificates (3.0s)
warning: NLA/MF22/ScalarCertificates.lean:71:27: This simp argument is unused:
  Complex.I_sq

Hint: Omit it from the simp argument list.
  [apply] simp only [Complex.I_pow_three, Complex.I_pow_four]

Note: This linter can be disabled with `set_option linter.unusedSimpArgs false`
warning: NLA/MF22/ScalarCertificates.lean:71:62: This simp argument is unused:
  Complex.I_pow_four

Hint: Omit it from the simp argument list.
  [apply] simp only [Complex.I_sq, Complex.I_pow_three]

Note: This linter can be disabled with `set_option linter.unusedSimpArgs false`
warning: NLA/MF22/ScalarCertificates.lean:70:18: Used `tac1 <;> tac2` where `(tac1; tac2)` would suffice

Note: This linter can be disabled with `set_option linter.unnecessarySeqFocus false`
warning: NLA/MF22/ScalarCertificates.lean:71:12: Used `tac1 <;> tac2` where `(tac1; tac2)` would suffice

Note: This linter can be disabled with `set_option linter.unnecessarySeqFocus false`
warning: NLA/MF22/ScalarCertificates.lean:71:82: Used `tac1 <;> tac2` where `(tac1; tac2)` would suffice

Note: This linter can be disabled with `set_option linter.unnecessarySeqFocus false`
warning: NLA/MF22/ScalarCertificates.lean:97:62: This simp argument is unused:
  Complex.I_pow_four

Hint: Omit it from the simp argument list.
  [apply] simp only [Complex.I_sq, Complex.I_pow_three]

Note: This linter can be disabled with `set_option linter.unusedSimpArgs false`
warning: NLA/MF22/ScalarCertificates.lean:93:57: Used `tac1 <;> tac2` where `(tac1; tac2)` would suffice

Note: This linter can be disabled with `set_option linter.unnecessarySeqFocus false`
warning: NLA/MF22/ScalarCertificates.lean:97:12: Used `tac1 <;> tac2` where `(tac1; tac2)` would suffice

Note: This linter can be disabled with `set_option linter.unnecessarySeqFocus false`
warning: NLA/MF22/ScalarCertificates.lean:97:82: Used `tac1 <;> tac2` where `(tac1; tac2)` would suffice

Note: This linter can be disabled with `set_option linter.unnecessarySeqFocus false`
warning: NLA/MF22/ScalarCertificates.lean:117:59: Unused tactic linter: `ring` does nothing

Note: This linter can be disabled with `set_option linter.unusedTactic false`
warning: NLA/MF22/ScalarCertificates.lean:117:59: this tactic is never executed

Note: This linter can be disabled with `set_option linter.unreachableTactic false`
warning: NLA/MF22/ScalarCertificates.lean:115:58: Used `tac1 <;> tac2` where `(tac1; tac2)` would suffice

Note: This linter can be disabled with `set_option linter.unnecessarySeqFocus false`
info: NLA/MF22/ScalarCertificates.lean:126:0: 'NLA.MF22.quartic_factorization' depends on axioms: [propext, Classical.choice, Quot.sound]
info: NLA/MF22/ScalarCertificates.lean:128:0: 'NLA.MF22.cayley_identity' depends on axioms: [propext, Classical.choice, Quot.sound]
info: NLA/MF22/ScalarCertificates.lean:130:0: 'NLA.MF22.positive_discriminant_factor' depends on axioms: [propext, Classical.choice, Quot.sound]
info: NLA/MF22/ScalarCertificates.lean:132:0: 'NLA.MF22.real_cubic_discriminant' depends on axioms: [propext, Classical.choice, Quot.sound]
info: NLA/MF22/ScalarCertificates.lean:134:0: 'NLA.MF22.exceptional_parameter' depends on axioms: [propext, Classical.choice, Quot.sound]
⚠ [3668/3677] Built NLA.MF22.LeadingBlock (2.0s)
warning: NLA/MF22/LeadingBlock.lean:24:10: Used `tac1 <;> tac2` where `(tac1; tac2)` would suffice

Note: This linter can be disabled with `set_option linter.unnecessarySeqFocus false`
warning: NLA/MF22/LeadingBlock.lean:24:38: Used `tac1 <;> tac2` where `(tac1; tac2)` would suffice

Note: This linter can be disabled with `set_option linter.unnecessarySeqFocus false`
info: NLA/MF22/LeadingBlock.lean:48:0: 'NLA.MF22.leading_block_invertible' depends on axioms: [propext, Classical.choice, Quot.sound]
⚠ [3669/3677] Built NLA.MF22.RootCayley (4.6s)
warning: NLA/MF22/RootCayley.lean:35:62: Used `tac1 <;> tac2` where `(tac1; tac2)` would suffice

Note: This linter can be disabled with `set_option linter.unnecessarySeqFocus false`
warning: NLA/MF22/RootCayley.lean:39:62: Used `tac1 <;> tac2` where `(tac1; tac2)` would suffice

Note: This linter can be disabled with `set_option linter.unnecessarySeqFocus false`
warning: NLA/MF22/RootCayley.lean:120:41: Try `simp at hu` instead of `simpa using hu`

Note: This linter can be disabled with `set_option linter.unnecessarySimpa false`
warning: NLA/MF22/RootCayley.lean:121:41: Try `simp at hv` instead of `simpa using hv`

Note: This linter can be disabled with `set_option linter.unnecessarySimpa false`
info: NLA/MF22/RootCayley.lean:154:0: 'NLA.MF22.rootData_of_quotient_configuration' depends on axioms: [propext, Classical.choice, Quot.sound]
⚠ [3670/3677] Built NLA.MF22.Coprime (4.8s)
warning: NLA/MF22/Coprime.lean:45:21: Used `tac1 <;> tac2` where `(tac1; tac2)` would suffice

Note: This linter can be disabled with `set_option linter.unnecessarySeqFocus false`
warning: NLA/MF22/Coprime.lean:46:12: Used `tac1 <;> tac2` where `(tac1; tac2)` would suffice

Note: This linter can be disabled with `set_option linter.unnecessarySeqFocus false`
warning: NLA/MF22/Coprime.lean:46:81: Used `tac1 <;> tac2` where `(tac1; tac2)` would suffice

Note: This linter can be disabled with `set_option linter.unnecessarySeqFocus false`
warning: NLA/MF22/Coprime.lean:76:12: Used `tac1 <;> tac2` where `(tac1; tac2)` would suffice

Note: This linter can be disabled with `set_option linter.unnecessarySeqFocus false`
warning: NLA/MF22/Coprime.lean:76:81: Used `tac1 <;> tac2` where `(tac1; tac2)` would suffice

Note: This linter can be disabled with `set_option linter.unnecessarySeqFocus false`
warning: NLA/MF22/Coprime.lean:99:83: Unused tactic linter: `ring` does nothing

Note: This linter can be disabled with `set_option linter.unusedTactic false`
warning: NLA/MF22/Coprime.lean:99:83: this tactic is never executed

Note: This linter can be disabled with `set_option linter.unreachableTactic false`
warning: NLA/MF22/Coprime.lean:99:10: Used `tac1 <;> tac2` where `(tac1; tac2)` would suffice

Note: This linter can be disabled with `set_option linter.unnecessarySeqFocus false`
warning: NLA/MF22/Coprime.lean:104:22: Unused tactic linter: `ring` does nothing

Note: This linter can be disabled with `set_option linter.unusedTactic false`
warning: NLA/MF22/Coprime.lean:104:22: this tactic is never executed

Note: This linter can be disabled with `set_option linter.unreachableTactic false`
warning: NLA/MF22/Coprime.lean:117:10: Used `tac1 <;> tac2` where `(tac1; tac2)` would suffice

Note: This linter can be disabled with `set_option linter.unnecessarySeqFocus false`
warning: NLA/MF22/Coprime.lean:117:79: Used `tac1 <;> tac2` where `(tac1; tac2)` would suffice

Note: This linter can be disabled with `set_option linter.unnecessarySeqFocus false`
info: NLA/MF22/Coprime.lean:173:0: 'NLA.MF22.numerator_denominator_coprime' depends on axioms: [propext, Classical.choice, Quot.sound]
ℹ [3671/3677] Built NLA.MF22.Roots (3.2s)
info: NLA/MF22/Roots.lean:63:0: 'NLA.MF22.four_roots' depends on axioms: [propext, Classical.choice, Quot.sound]
⚠ [3672/3677] Built NLA.MF22.SourceRecurrence (4.0s)
warning: NLA/MF22/SourceRecurrence.lean:42:50: This simp argument is unused:
  Matrix.mulVec

Hint: Omit it from the simp argument list.
  [apply] simp [leadingBlock, transferRhs, sourceState, dotProduct, Fin.sum_univ_succ, Matrix.cons_val_two,
    Matrix.cons_val_three, Matrix.vecHead, Matrix.vecTail]

Note: This linter can be disabled with `set_option linter.unusedSimpArgs false`
warning: NLA/MF22/SourceRecurrence.lean:42:65: This simp argument is unused:
  dotProduct

Hint: Omit it from the simp argument list.
  [apply] simp [leadingBlock, transferRhs, sourceState, Matrix.mulVec, Fin.sum_univ_succ, Matrix.cons_val_two,
    Matrix.cons_val_three, Matrix.vecHead, Matrix.vecTail]

Note: This linter can be disabled with `set_option linter.unusedSimpArgs false`
warning: NLA/MF22/SourceRecurrence.lean:43:6: This simp argument is unused:
  Fin.sum_univ_succ

Hint: Omit it from the simp argument list.
  [apply] simp [leadingBlock, transferRhs, sourceState, Matrix.mulVec, dotProduct, Matrix.cons_val_two,
    Matrix.cons_val_three, Matrix.vecHead, Matrix.vecTail]

Note: This linter can be disabled with `set_option linter.unusedSimpArgs false`
warning: NLA/MF22/SourceRecurrence.lean:47:50: This simp argument is unused:
  Matrix.mulVec

Hint: Omit it from the simp argument list.
  [apply] simp [leadingBlock, transferRhs, sourceState, dotProduct, Fin.sum_univ_succ, Matrix.cons_val_two,
    Matrix.cons_val_three, Matrix.vecHead, Matrix.vecTail]

Note: This linter can be disabled with `set_option linter.unusedSimpArgs false`
warning: NLA/MF22/SourceRecurrence.lean:47:65: This simp argument is unused:
  dotProduct

Hint: Omit it from the simp argument list.
  [apply] simp [leadingBlock, transferRhs, sourceState, Matrix.mulVec, Fin.sum_univ_succ, Matrix.cons_val_two,
    Matrix.cons_val_three, Matrix.vecHead, Matrix.vecTail]

Note: This linter can be disabled with `set_option linter.unusedSimpArgs false`
warning: NLA/MF22/SourceRecurrence.lean:48:6: This simp argument is unused:
  Fin.sum_univ_succ

Hint: Omit it from the simp argument list.
  [apply] simp [leadingBlock, transferRhs, sourceState, Matrix.mulVec, dotProduct, Matrix.cons_val_two,
    Matrix.cons_val_three, Matrix.vecHead, Matrix.vecTail]

Note: This linter can be disabled with `set_option linter.unusedSimpArgs false`
warning: NLA/MF22/SourceRecurrence.lean:44:38: Used `tac1 <;> tac2` where `(tac1; tac2)` would suffice

Note: This linter can be disabled with `set_option linter.unnecessarySeqFocus false`
warning: NLA/MF22/SourceRecurrence.lean:49:38: Used `tac1 <;> tac2` where `(tac1; tac2)` would suffice

Note: This linter can be disabled with `set_option linter.unnecessarySeqFocus false`
warning: NLA/MF22/SourceRecurrence.lean:88:8: This simp argument is unused:
  Matrix.cons_val_three

Hint: Omit it from the simp argument list.
  [apply] simp [sourceState, Nat.cast_add, Matrix.cons_val_two, Matrix.vecHead, Matrix.vecTail]

Note: This linter can be disabled with `set_option linter.unusedSimpArgs false`
warning: NLA/MF22/SourceRecurrence.lean:90:63: Used `tac1 <;> tac2` where `(tac1; tac2)` would suffice

Note: This linter can be disabled with `set_option linter.unnecessarySeqFocus false`
warning: NLA/MF22/SourceRecurrence.lean:91:16: Used `tac1 <;> tac2` where `(tac1; tac2)` would suffice

Note: This linter can be disabled with `set_option linter.unnecessarySeqFocus false`
warning: NLA/MF22/SourceRecurrence.lean:98:56: Variable name `hn` is not explicitly referenced.

Hint: The binding can be removed (if unused) or named `_` (if used implicitly). Alternatively, prefix the name with `_` to silence this warning:
  [apply] _hn

Note: This linter can be disabled with `set_option linter.unusedVariables false`
info: NLA/MF22/SourceRecurrence.lean:114:0: 'NLA.MF22.source_recurrence' depends on axioms: [propext, Classical.choice, Quot.sound]
✖ [3674/3677] Building NLA.MF22.TransferCertificates (5.3s)
trace: .> LEAN_PATH=/home/runner/work/OpenProblemsInNLA/OpenProblemsInNLA/.lean-development/.lake/packages/Cli/.lake/build/lib/lean:/home/runner/work/OpenProblemsInNLA/OpenProblemsInNLA/.lean-development/.lake/packages/batteries/.lake/build/lib/lean:/home/runner/work/OpenProblemsInNLA/OpenProblemsInNLA/.lean-development/.lake/packages/Qq/.lake/build/lib/lean:/home/runner/work/OpenProblemsInNLA/OpenProblemsInNLA/.lean-development/.lake/packages/aesop/.lake/build/lib/lean:/home/runner/work/OpenProblemsInNLA/OpenProblemsInNLA/.lean-development/.lake/packages/proofwidgets/.lake/build/lib/lean:/home/runner/work/OpenProblemsInNLA/OpenProblemsInNLA/.lean-development/.lake/packages/importGraph/.lake/build/lib/lean:/home/runner/work/OpenProblemsInNLA/OpenProblemsInNLA/.lean-development/.lake/packages/LeanSearchClient/.lake/build/lib/lean:/home/runner/work/OpenProblemsInNLA/OpenProblemsInNLA/.lean-development/.lake/packages/plausible/.lake/build/lib/lean:/home/runner/work/OpenProblemsInNLA/OpenProblemsInNLA/.lean-development/.lake/packages/mathlib/.lake/build/lib/lean:/home/runner/work/OpenProblemsInNLA/OpenProblemsInNLA/.lean-development/.lake/packages/leancert/.lake/build/lib/lean:/home/runner/work/OpenProblemsInNLA/OpenProblemsInNLA/.lean-development/.lake/build/lib/lean /home/runner/.elan/toolchains/leanprover--lean4---v4.33.1/bin/lean /home/runner/work/OpenProblemsInNLA/OpenProblemsInNLA/.lean-development/NLA/MF22/TransferCertificates.lean -o /home/runner/work/OpenProblemsInNLA/OpenProblemsInNLA/.lean-development/.lake/build/lib/lean/NLA/MF22/TransferCertificates.olean -i /home/runner/work/OpenProblemsInNLA/OpenProblemsInNLA/.lean-development/.lake/build/lib/lean/NLA/MF22/TransferCertificates.ilean -c /home/runner/work/OpenProblemsInNLA/OpenProblemsInNLA/.lean-development/.lake/build/ir/NLA/MF22/TransferCertificates.c --setup /home/runner/work/OpenProblemsInNLA/OpenProblemsInNLA/.lean-development/.lake/build/ir/NLA/MF22/TransferCertificates.setup.json --json
info: NLA/MF22/TransferCertificates.lean:32:84: Try this:
  [apply] ring_nf
  
  The `ring` tactic failed to close the goal. Use `ring_nf` to obtain a normal form.
    
  Note that `ring` works primarily in *commutative* rings. If you have a noncommutative ring, abelian group or module, consider using `noncomm_ring`, `abel` or `module` instead.
error: NLA/MF22/TransferCertificates.lean:28:45: unsolved goals
a b c d e f g h z w : ℂ
⊢ a * f * w ^ 2 + a * w * h * z + f * w * z * c - f * z * d * ![0, -z, 0, w] (Fin.castSucc 2) - w * z * b * g -
            w ^ 2 * b * e +
          h * z ^ 2 * c -
        z * e * d * ![-z, 0, w, 0] (Fin.castSucc 2) -
      z ^ 2 * d * ![e, f, g, h] (Fin.castSucc 2) =
    a * f * w ^ 2 + a * w * h * z + f * w * z * c - w * z * b * g - w * z * e * d - w ^ 2 * b * e + h * z ^ 2 * c -
      z ^ 2 * g * d
warning: NLA/MF22/TransferCertificates.lean:94:65: Unused tactic linter: `ring` does nothing

Note: This linter can be disabled with `set_option linter.unusedTactic false`
warning: NLA/MF22/TransferCertificates.lean:94:65: this tactic is never executed

Note: This linter can be disabled with `set_option linter.unreachableTactic false`
warning: NLA/MF22/TransferCertificates.lean:105:10: Used `tac1 <;> tac2` where `(tac1; tac2)` would suffice

Note: This linter can be disabled with `set_option linter.unnecessarySeqFocus false`
warning: NLA/MF22/TransferCertificates.lean:105:79: Used `tac1 <;> tac2` where `(tac1; tac2)` would suffice

Note: This linter can be disabled with `set_option linter.unnecessarySeqFocus false`
warning: NLA/MF22/TransferCertificates.lean:143:80: Used `tac1 <;> tac2` where `(tac1; tac2)` would suffice

Note: This linter can be disabled with `set_option linter.unnecessarySeqFocus false`
warning: NLA/MF22/TransferCertificates.lean:156:43: Used `tac1 <;> tac2` where `(tac1; tac2)` would suffice

Note: This linter can be disabled with `set_option linter.unnecessarySeqFocus false`
warning: NLA/MF22/TransferCertificates.lean:157:77: Used `tac1 <;> tac2` where `(tac1; tac2)` would suffice

Note: This linter can be disabled with `set_option linter.unnecessarySeqFocus false`
warning: NLA/MF22/TransferCertificates.lean:158:12: Used `tac1 <;> tac2` where `(tac1; tac2)` would suffice

Note: This linter can be disabled with `set_option linter.unnecessarySeqFocus false`
warning: NLA/MF22/TransferCertificates.lean:158:81: Used `tac1 <;> tac2` where `(tac1; tac2)` would suffice

Note: This linter can be disabled with `set_option linter.unnecessarySeqFocus false`
error: NLA/MF22/TransferCertificates.lean:169:21: #assert_trust: 'NLA.MF22.transfer_polynomial_certificates' depends on sorry or unrecognized axioms
  foundational: propext, Classical.choice, Quot.sound
  sorryAx: sorryAx
info: NLA/MF22/TransferCertificates.lean:170:0: 'NLA.MF22.transfer_polynomial_certificates' depends on axioms: [propext, sorryAx, Classical.choice, Quot.sound]
error: Lean exited with code 1
Some required targets logged failures:
- NLA.MF22.GreenKernel
- NLA.MF22.ProjectorPolynomial
- NLA.MF22.TransferCertificates
error: build failed
